  Determining projects to restore...
  All projects are up-to-date for restore.
D:\College_Related_Work\Sem 6 Project\SmartSocietyMVC\Controllers\AccountController.cs(50,54): error CS0023: Operator '?' cannot be applied to operand of type 'Guid' [D:\College_Related_Work\Sem 6 Project\SmartSocietyMVC\SmartSocietyMVC.csproj]
D:\College_Related_Work\Sem 6 Project\SmartSocietyMVC\Controllers\AccountController.cs(50,27): error CS1503: Argument 1: cannot convert from 'string' to 'System.IO.BinaryReader' [D:\College_Related_Work\Sem 6 Project\SmartSocietyMVC\SmartSocietyMVC.csproj]
D:\College_Related_Work\Sem 6 Project\SmartSocietyMVC\Controllers\DashboardController.cs(38,29): error CS0019: Operator '==' cannot be applied to operands of type 'Guid' and 'int' [D:\College_Related_Work\Sem 6 Project\SmartSocietyMVC\SmartSocietyMVC.csproj]
D:\College_Related_Work\Sem 6 Project\SmartSocietyMVC\Controllers\DashboardController.cs(59,17): error CS0117: 'Notice' does not contain a definition for 'CreatedAt' [D:\College_Related_Work\Sem 6 Project\SmartSocietyMVC\SmartSocietyMVC.csproj]
D:\College_Related_Work\Sem 6 Project\SmartSocietyMVC\Controllers\DashboardController.cs(60,29): error CS0029: Cannot implicitly convert type 'int' to 'System.Guid' [D:\College_Related_Work\Sem 6 Project\SmartSocietyMVC\SmartSocietyMVC.csproj]
D:\College_Related_Work\Sem 6 Project\SmartSocietyMVC\Controllers\DashboardController.cs(92,29): error CS0019: Operator '==' cannot be applied to operands of type 'Guid' and 'int' [D:\College_Related_Work\Sem 6 Project\SmartSocietyMVC\SmartSocietyMVC.csproj]
D:\College_Related_Work\Sem 6 Project\SmartSocietyMVC\Views\Dashboard\Notices.cshtml(75,78): error CS1061: 'Notice' does not contain a definition for 'CreatedAt' and no accessible extension method 'CreatedAt' accepting a first argument of type 'Notice' could be found (are you missing a using directive or an assembly reference?) [D:\College_Related_Work\Sem 6 Project\SmartSocietyMVC\SmartSocietyMVC.csproj]
D:\College_Related_Work\Sem 6 Project\SmartSocietyMVC\Controllers\DashboardController.cs(113,17): error CS0117: 'Complaint' does not contain a definition for 'CreatedAt' [D:\College_Related_Work\Sem 6 Project\SmartSocietyMVC\SmartSocietyMVC.csproj]
D:\College_Related_Work\Sem 6 Project\SmartSocietyMVC\Controllers\DashboardController.cs(114,26): error CS0029: Cannot implicitly convert type 'int' to 'System.Guid' [D:\College_Related_Work\Sem 6 Project\SmartSocietyMVC\SmartSocietyMVC.csproj]
D:\College_Related_Work\Sem 6 Project\SmartSocietyMVC\Controllers\DashboardController.cs(115,29): error CS0029: Cannot implicitly convert type 'int' to 'System.Guid' [D:\College_Related_Work\Sem 6 Project\SmartSocietyMVC\SmartSocietyMVC.csproj]
D:\College_Related_Work\Sem 6 Project\SmartSocietyMVC\Views\Dashboard\_ComplaintList.cshtml(25,80): error CS1061: 'Complaint' does not contain a definition for 'CreatedAt' and no accessible extension method 'CreatedAt' accepting a first argument of type 'Complaint' could be found (are you missing a using directive or an assembly reference?) [D:\College_Related_Work\Sem 6 Project\SmartSocietyMVC\SmartSocietyMVC.csproj]
D:\College_Related_Work\Sem 6 Project\SmartSocietyMVC\Controllers\DashboardController.cs(189,29): error CS0019: Operator '==' cannot be applied to operands of type 'Guid' and 'int' [D:\College_Related_Work\Sem 6 Project\SmartSocietyMVC\SmartSocietyMVC.csproj]
D:\College_Related_Work\Sem 6 Project\SmartSocietyMVC\Controllers\DashboardController.cs(227,33): error CS0029: Cannot implicitly convert type 'int' to 'System.Guid' [D:\College_Related_Work\Sem 6 Project\SmartSocietyMVC\SmartSocietyMVC.csproj]
D:\College_Related_Work\Sem 6 Project\SmartSocietyMVC\Controllers\DashboardController.cs(301,29): error CS0029: Cannot implicitly convert type 'int' to 'System.Guid' [D:\College_Related_Work\Sem 6 Project\SmartSocietyMVC\SmartSocietyMVC.csproj]
D:\College_Related_Work\Sem 6 Project\SmartSocietyMVC\Controllers\DashboardController.cs(356,29): error CS0019: Operator '==' cannot be applied to operands of type 'Guid' and 'int' [D:\College_Related_Work\Sem 6 Project\SmartSocietyMVC\SmartSocietyMVC.csproj]
D:\College_Related_Work\Sem 6 Project\SmartSocietyMVC\Controllers\DashboardController.cs(362,29): error CS0019: Operator '==' cannot be applied to operands of type 'Guid' and 'int' [D:\College_Related_Work\Sem 6 Project\SmartSocietyMVC\SmartSocietyMVC.csproj]
D:\College_Related_Work\Sem 6 Project\SmartSocietyMVC\Controllers\DashboardController.cs(380,30): error CS0029: Cannot implicitly convert type 'int' to 'System.Guid' [D:\College_Related_Work\Sem 6 Project\SmartSocietyMVC\SmartSocietyMVC.csproj]
D:\College_Related_Work\Sem 6 Project\SmartSocietyMVC\Controllers\DashboardController.cs(381,26): error CS0029: Cannot implicitly convert type 'int' to 'System.Guid' [D:\College_Related_Work\Sem 6 Project\SmartSocietyMVC\SmartSocietyMVC.csproj]

Build FAILED.

D:\College_Related_Work\Sem 6 Project\SmartSocietyMVC\Controllers\AccountController.cs(50,54): error CS0023: Operator '?' cannot be applied to operand of type 'Guid' [D:\College_Related_Work\Sem 6 Project\SmartSocietyMVC\SmartSocietyMVC.csproj]
D:\College_Related_Work\Sem 6 Project\SmartSocietyMVC\Controllers\AccountController.cs(50,27): error CS1503: Argument 1: cannot convert from 'string' to 'System.IO.BinaryReader' [D:\College_Related_Work\Sem 6 Project\SmartSocietyMVC\SmartSocietyMVC.csproj]
D:\College_Related_Work\Sem 6 Project\SmartSocietyMVC\Controllers\DashboardController.cs(38,29): error CS0019: Operator '==' cannot be applied to operands of type 'Guid' and 'int' [D:\College_Related_Work\Sem 6 Project\SmartSocietyMVC\SmartSocietyMVC.csproj]
D:\College_Related_Work\Sem 6 Project\SmartSocietyMVC\Controllers\DashboardController.cs(59,17): error CS0117: 'Notice' does not contain a definition for 'CreatedAt' [D:\College_Related_Work\Sem 6 Project\SmartSocietyMVC\SmartSocietyMVC.csproj]
D:\College_Related_Work\Sem 6 Project\SmartSocietyMVC\Controllers\DashboardController.cs(60,29): error CS0029: Cannot implicitly convert type 'int' to 'System.Guid' [D:\College_Related_Work\Sem 6 Project\SmartSocietyMVC\SmartSocietyMVC.csproj]
D:\College_Related_Work\Sem 6 Project\SmartSocietyMVC\Controllers\DashboardController.cs(92,29): error CS0019: Operator '==' cannot be applied to operands of type 'Guid' and 'int' [D:\College_Related_Work\Sem 6 Project\SmartSocietyMVC\SmartSocietyMVC.csproj]
D:\College_Related_Work\Sem 6 Project\SmartSocietyMVC\Views\Dashboard\Notices.cshtml(75,78): error CS1061: 'Notice' does not contain a definition for 'CreatedAt' and no accessible extension method 'CreatedAt' accepting a first argument of type 'Notice' could be found (are you missing a using directive or an assembly reference?) [D:\College_Related_Work\Sem 6 Project\SmartSocietyMVC\SmartSocietyMVC.csproj]
D:\College_Related_Work\Sem 6 Project\SmartSocietyMVC\Controllers\DashboardController.cs(113,17): error CS0117: 'Complaint' does not contain a definition for 'CreatedAt' [D:\College_Related_Work\Sem 6 Project\SmartSocietyMVC\SmartSocietyMVC.csproj]
D:\College_Related_Work\Sem 6 Project\SmartSocietyMVC\Controllers\DashboardController.cs(114,26): error CS0029: Cannot implicitly convert type 'int' to 'System.Guid' [D:\College_Related_Work\Sem 6 Project\SmartSocietyMVC\SmartSocietyMVC.csproj]
D:\College_Related_Work\Sem 6 Project\SmartSocietyMVC\Controllers\DashboardController.cs(115,29): error CS0029: Cannot implicitly convert type 'int' to 'System.Guid' [D:\College_Related_Work\Sem 6 Project\SmartSocietyMVC\SmartSocietyMVC.csproj]
D:\College_Related_Work\Sem 6 Project\SmartSocietyMVC\Views\Dashboard\_ComplaintList.cshtml(25,80): error CS1061: 'Complaint' does not contain a definition for 'CreatedAt' and no accessible extension method 'CreatedAt' accepting a first argument of type 'Complaint' could be found (are you missing a using directive or an assembly reference?) [D:\College_Related_Work\Sem 6 Project\SmartSocietyMVC\SmartSocietyMVC.csproj]
D:\College_Related_Work\Sem 6 Project\SmartSocietyMVC\Controllers\DashboardController.cs(189,29): error CS0019: Operator '==' cannot be applied to operands of type 'Guid' and 'int' [D:\College_Related_Work\Sem 6 Project\SmartSocietyMVC\SmartSocietyMVC.csproj]
D:\College_Related_Work\Sem 6 Project\SmartSocietyMVC\Controllers\DashboardController.cs(227,33): error CS0029: Cannot implicitly convert type 'int' to 'System.Guid' [D:\College_Related_Work\Sem 6 Project\SmartSocietyMVC\SmartSocietyMVC.csproj]
D:\College_Related_Work\Sem 6 Project\SmartSocietyMVC\Controllers\DashboardController.cs(301,29): error CS0029: Cannot implicitly convert type 'int' to 'System.Guid' [D:\College_Related_Work\Sem 6 Project\SmartSocietyMVC\SmartSocietyMVC.csproj]
D:\College_Related_Work\Sem 6 Project\SmartSocietyMVC\Controllers\DashboardController.cs(356,29): error CS0019: Operator '==' cannot be applied to operands of type 'Guid' and 'int' [D:\College_Related_Work\Sem 6 Project\SmartSocietyMVC\SmartSocietyMVC.csproj]
D:\College_Related_Work\Sem 6 Project\SmartSocietyMVC\Controllers\DashboardController.cs(362,29): error CS0019: Operator '==' cannot be applied to operands of type 'Guid' and 'int' [D:\College_Related_Work\Sem 6 Project\SmartSocietyMVC\SmartSocietyMVC.csproj]
D:\College_Related_Work\Sem 6 Project\SmartSocietyMVC\Controllers\DashboardController.cs(380,30): error CS0029: Cannot implicitly convert type 'int' to 'System.Guid' [D:\College_Related_Work\Sem 6 Project\SmartSocietyMVC\SmartSocietyMVC.csproj]
D:\College_Related_Work\Sem 6 Project\SmartSocietyMVC\Controllers\DashboardController.cs(381,26): error CS0029: Cannot implicitly convert type 'int' to 'System.Guid' [D:\College_Related_Work\Sem 6 Project\SmartSocietyMVC\SmartSocietyMVC.csproj]
    0 Warning(s)
    18 Error(s)

Time Elapsed 00:00:03.43
